
                           Design Compiler Graphical 
                                 DC Ultra (TM)
                                  DFTMAX (TM)
                              Power Compiler (TM)
                                 DesignWare (R)
                                 DC Expert (TM)
                               Design Vision (TM)
                               HDL Compiler (TM)
                               VHDL Compiler (TM)
                                  DFT Compiler
                               Design Compiler(R)

               Version T-2022.03-SP4 for linux64 - Aug 24, 2022 

                    Copyright (c) 1988 - 2022 Synopsys, Inc.
   This software and the associated documentation are proprietary to Synopsys,
 Inc. This software may only be used in accordance with the terms and conditions
 of a written license agreement with Synopsys, Inc. All other use, reproduction,
   or distribution of this software is strictly prohibited.  Licensed Products
     communicate with Synopsys servers for the purpose of providing software
    updates, detecting software piracy and verifying that customers are using
    Licensed Products in conformity with the applicable License Key for such
  Licensed Products. Synopsys will use information gathered in connection with
    this process to deliver software updates and pursue software pirates and
                                   infringers.

 Inclusivity & Diversity - Visit SolvNetPlus to read the "Synopsys Statement on
            Inclusivity and Diversity" (Refer to article 000036315 at
                        https://solvnetplus.synopsys.com)
Initializing...
Initializing gui preferences from file  /home1/IITR_PD3/MulukuriVNath/.synopsys_dc_gui/preferences.tcl
Warning: Cannot use command line editor for terminal type 'xterm-256color'.  (UI-74)
dc_shell> 4.1.1
set_host_options -max_cores 8
1
# ============================================================================
# 1. GLOBAL VARIABLES & PROJECT PATHS
# ============================================================================
set DESIGN_NAME "FFT"
FFT
set OUTPUTS_DIR "/home1/IITR_PD3/MulukuriVNath/Documents/RTL-to-GDSII-Implementation-of-a-32-Point-Pipelined-FFT-Processor/Synthesis/outputs"
/home1/IITR_PD3/MulukuriVNath/Documents/RTL-to-GDSII-Implementation-of-a-32-Point-Pipelined-FFT-Processor/Synthesis/outputs
set SCRIPTS "/home1/IITR_PD3/MulukuriVNath/Documents/RTL-to-GDSII-Implementation-of-a-32-Point-Pipelined-FFT-Processor/Synthesis/scripts"
/home1/IITR_PD3/MulukuriVNath/Documents/RTL-to-GDSII-Implementation-of-a-32-Point-Pipelined-FFT-Processor/Synthesis/scripts
# --- Design Flow Settings ---
set DESIGN_STYLE flat                    # Flat synthesis for standalone module
Error: wrong # args: should be "set varName ?newValue?"
	Use error_info for more info. (CMD-013)
set PHYSICAL_HIERARCHY_LEVEL "top"
top
set DC_BLOCK_ABSTRACTION_DESIGNS ""
set DDC_HIER_DESIGNS ""
set UPF_MODE golden
golden
set UPF_FILE ${SCRIPTS}/${DESIGN_NAME}.upf
/home1/IITR_PD3/MulukuriVNath/Documents/RTL-to-GDSII-Implementation-of-a-32-Point-Pipelined-FFT-Processor/Synthesis/scripts/FFT.upf
set DCRM_NDM_LIBRARY_NAME ${DESIGN_NAME}.ndm
FFT.ndm
# ============================================================================
# 2. TECHNOLOGY & LIBRARY PATHS [USER: UPDATE THESE]
# ============================================================================
set TECH_FILE "/home1/14_nmts/14_nmts/tech/milkyway/saed14nm_1p9m_mw.tf"
/home1/14_nmts/14_nmts/tech/milkyway/saed14nm_1p9m_mw.tf
set REFERENCE_LIBRARY "/home1/14_nmts/14_nmts/stdcell_hvt/ndm/saed14hvt_frame_only.ndm \
/home1/14_nmts/14_nmts/stdcell_slvt/ndm/saed14slvt_frame_only.ndm \
/home1/14_nmts/14_nmts/stdcell_rvt/ndm/saed14rvt_frame_only.ndm \
/home1/14_nmts/14_nmts/stdcell_lvt/ndm/saed14lvt_frame_only.ndm"
/home1/14_nmts/14_nmts/stdcell_hvt/ndm/saed14hvt_frame_only.ndm  /home1/14_nmts/14_nmts/stdcell_slvt/ndm/saed14slvt_frame_only.ndm  /home1/14_nmts/14_nmts/stdcell_rvt/ndm/saed14rvt_frame_only.ndm  /home1/14_nmts/14_nmts/stdcell_lvt/ndm/saed14lvt_frame_only.ndm
# ============================================================================
# 3. RTL SOURCE PATHS [USER: UPDATE THIS]
# ============================================================================
set RTL_SOURCE_PATH "/home1/IITR_PD3/MulukuriVNath/Documents/RTL-to-GDSII-Implementation-of-a-32-Point-Pipelined-FFT-Processor/RTL"
/home1/IITR_PD3/MulukuriVNath/Documents/RTL-to-GDSII-Implementation-of-a-32-Point-Pipelined-FFT-Processor/RTL
# Append to search path
set_app_var search_path "$search_path $RTL_SOURCE_PATH"
. /home/cad/eda/SYNOPSYS/Design_Compiler_2022.03/syn/T-2022.03-SP4/libraries/syn /home/cad/eda/SYNOPSYS/Design_Compiler_2022.03/syn/T-2022.03-SP4/dw/syn_ver /home/cad/eda/SYNOPSYS/Design_Compiler_2022.03/syn/T-2022.03-SP4/dw/sim_ver /home1/IITR_PD3/MulukuriVNath/Documents/RTL-to-GDSII-Implementation-of-a-32-Point-Pipelined-FFT-Processor/RTL
# Create output directory
if {![file exists $OUTPUTS_DIR]} {file mkdir $OUTPUTS_DIR}
# ============================================================================
# 4. ENABLE GOLDEN UPF MODE
# ============================================================================
if {$UPF_MODE == "golden"} {
  set_app_var enable_golden_upf true
}
true
dc_shell> set TARGET_LIBRARY_FILES  "/home1/14_nmts/14_nmts/stdcell_rvt/db_ccs/saed14rvt_ss0p6v125c.db \
/home1/14_nmts/14_nmts/stdcell_lvt/db_ccs/saed14lvt_ss0p6v125c.db"
/home1/14_nmts/14_nmts/stdcell_rvt/db_ccs/saed14rvt_ss0p6v125c.db  /home1/14_nmts/14_nmts/stdcell_lvt/db_ccs/saed14lvt_ss0p6v125c.db
set_app_var target_library ${TARGET_LIBRARY_FILES}
/home1/14_nmts/14_nmts/stdcell_rvt/db_ccs/saed14rvt_ss0p6v125c.db  /home1/14_nmts/14_nmts/stdcell_lvt/db_ccs/saed14lvt_ss0p6v125c.db
set_app_var synthetic_library dw_foundation.sldb
dw_foundation.sldb
set_app_var link_library "* $target_library $synthetic_library"
* /home1/14_nmts/14_nmts/stdcell_rvt/db_ccs/saed14rvt_ss0p6v125c.db  /home1/14_nmts/14_nmts/stdcell_lvt/db_ccs/saed14lvt_ss0p6v125c.db dw_foundation.sldb
# --- Topographical Mode NDM Library Creation ---
if {[shell_is_in_topographical_mode]} {
  if {[info exists view_target] && [file exists $DCRM_NDM_LIBRARY_NAME]} {
    puts "RM-info: Opening existing NDM lib $DCRM_NDM_LIBRARY_NAME"
    open_lib $DCRM_NDM_LIBRARY_NAME
  } else {
    if {[file exists $DCRM_NDM_LIBRARY_NAME]} {
      puts "RM-info: Deleting existing NDM lib $DCRM_NDM_LIBRARY_NAME"
      file delete -force $DCRM_NDM_LIBRARY_NAME
    }
    set create_lib_cmd "create_lib -technology $TECH_FILE $DCRM_NDM_LIBRARY_NAME"
    if {${REFERENCE_LIBRARY} != ""} { append create_lib_cmd " -ref_libs \"${REFERENCE_LIBRARY}\""}
    puts "RM-info: Running $create_lib_cmd"
    eval ${create_lib_cmd}
  }
}
dc_shell> set set_check_library_cmd "set_check_library_options -mcmm"
set_check_library_options -mcmm
if {$UPF_MODE != "none"} {lappend set_check_library_cmd -upf}
set_check_library_options -mcmm -upf
eval ${set_check_library_cmd}
1
redirect -file ${OUTPUTS_DIR}/${DESIGN_NAME}.check_library.rpt {check_library}
dc_shell> set_app_var sh_new_variable_message false
false
set_app_var auto_insert_level_shifters_on_clocks all
all
set_app_var spg_enable_via_resistance_support true
true
dc_shell> set_fix_multiple_port_nets -all -buffer_constants
Error: Current design is not defined. (UID-4)
0
dc_shell> set_app_var simplified_verification_mode true
true
set_svf ${OUTPUTS_DIR}/${DESIGN_NAME}.mapped.svf
1
dc_shell> analyze -f verilog [list \
    ${RTL_SOURCE_PATH}/FFT.v \
    ${RTL_SOURCE_PATH}/radix2.v \
    ${RTL_SOURCE_PATH}/ROM_16.v \
    ${RTL_SOURCE_PATH}/ROM_8.v \
    ${RTL_SOURCE_PATH}/ROM_4.v \
    ${RTL_SOURCE_PATH}/ROM_2.v \
    ${RTL_SOURCE_PATH}/shift_16.v \
    ${RTL_SOURCE_PATH}/shift_8.v \
    ${RTL_SOURCE_PATH}/shift_4.v \
    ${RTL_SOURCE_PATH}/shift_2.v \
    ${RTL_SOURCE_PATH}/shift_1.v ]
Information: Optimization is being performed with the 'simplified_verification_mode' variable enabled.  (INFO-114)
Running PRESTO HDLC
Compiling source file /home1/IITR_PD3/MulukuriVNath/Documents/RTL-to-GDSII-Implementation-of-a-32-Point-Pipelined-FFT-Processor/RTL/FFT.v
Opening include file /home1/IITR_PD3/MulukuriVNath/Documents/RTL-to-GDSII-Implementation-of-a-32-Point-Pipelined-FFT-Processor/RTL/shift_16.v
Opening include file /home1/IITR_PD3/MulukuriVNath/Documents/RTL-to-GDSII-Implementation-of-a-32-Point-Pipelined-FFT-Processor/RTL/shift_8.v
Opening include file /home1/IITR_PD3/MulukuriVNath/Documents/RTL-to-GDSII-Implementation-of-a-32-Point-Pipelined-FFT-Processor/RTL/shift_4.v
Opening include file /home1/IITR_PD3/MulukuriVNath/Documents/RTL-to-GDSII-Implementation-of-a-32-Point-Pipelined-FFT-Processor/RTL/shift_2.v
Opening include file /home1/IITR_PD3/MulukuriVNath/Documents/RTL-to-GDSII-Implementation-of-a-32-Point-Pipelined-FFT-Processor/RTL/shift_1.v
Opening include file /home1/IITR_PD3/MulukuriVNath/Documents/RTL-to-GDSII-Implementation-of-a-32-Point-Pipelined-FFT-Processor/RTL/radix2.v
Opening include file /home1/IITR_PD3/MulukuriVNath/Documents/RTL-to-GDSII-Implementation-of-a-32-Point-Pipelined-FFT-Processor/RTL/ROM_16.v
Opening include file /home1/IITR_PD3/MulukuriVNath/Documents/RTL-to-GDSII-Implementation-of-a-32-Point-Pipelined-FFT-Processor/RTL/ROM_8.v
Opening include file /home1/IITR_PD3/MulukuriVNath/Documents/RTL-to-GDSII-Implementation-of-a-32-Point-Pipelined-FFT-Processor/RTL/ROM_4.v
Opening include file /home1/IITR_PD3/MulukuriVNath/Documents/RTL-to-GDSII-Implementation-of-a-32-Point-Pipelined-FFT-Processor/RTL/ROM_2.v
Error:  /home1/IITR_PD3/MulukuriVNath/Documents/RTL-to-GDSII-Implementation-of-a-32-Point-Pipelined-FFT-Processor/RTL/FFT.v:449: Syntax error at or near token '#'. (VER-294)
Compiling source file /home1/IITR_PD3/MulukuriVNath/Documents/RTL-to-GDSII-Implementation-of-a-32-Point-Pipelined-FFT-Processor/RTL/radix2.v
Compiling source file /home1/IITR_PD3/MulukuriVNath/Documents/RTL-to-GDSII-Implementation-of-a-32-Point-Pipelined-FFT-Processor/RTL/ROM_16.v
Warning:  /home1/IITR_PD3/MulukuriVNath/Documents/RTL-to-GDSII-Implementation-of-a-32-Point-Pipelined-FFT-Processor/RTL/ROM_16.v:1: Overwriting existing design element 'ROM_16' with newer version. (VER-64)
Compiling source file /home1/IITR_PD3/MulukuriVNath/Documents/RTL-to-GDSII-Implementation-of-a-32-Point-Pipelined-FFT-Processor/RTL/ROM_8.v
Warning:  /home1/IITR_PD3/MulukuriVNath/Documents/RTL-to-GDSII-Implementation-of-a-32-Point-Pipelined-FFT-Processor/RTL/ROM_8.v:1: Overwriting existing design element 'ROM_8' with newer version. (VER-64)
Compiling source file /home1/IITR_PD3/MulukuriVNath/Documents/RTL-to-GDSII-Implementation-of-a-32-Point-Pipelined-FFT-Processor/RTL/ROM_4.v
Warning:  /home1/IITR_PD3/MulukuriVNath/Documents/RTL-to-GDSII-Implementation-of-a-32-Point-Pipelined-FFT-Processor/RTL/ROM_4.v:1: Overwriting existing design element 'ROM_4' with newer version. (VER-64)
Compiling source file /home1/IITR_PD3/MulukuriVNath/Documents/RTL-to-GDSII-Implementation-of-a-32-Point-Pipelined-FFT-Processor/RTL/ROM_2.v
Warning:  /home1/IITR_PD3/MulukuriVNath/Documents/RTL-to-GDSII-Implementation-of-a-32-Point-Pipelined-FFT-Processor/RTL/ROM_2.v:1: Overwriting existing design element 'ROM_2' with newer version. (VER-64)
Compiling source file /home1/IITR_PD3/MulukuriVNath/Documents/RTL-to-GDSII-Implementation-of-a-32-Point-Pipelined-FFT-Processor/RTL/shift_16.v
Warning:  /home1/IITR_PD3/MulukuriVNath/Documents/RTL-to-GDSII-Implementation-of-a-32-Point-Pipelined-FFT-Processor/RTL/shift_16.v:1: Overwriting existing design element 'shift_16' with newer version. (VER-64)
Compiling source file /home1/IITR_PD3/MulukuriVNath/Documents/RTL-to-GDSII-Implementation-of-a-32-Point-Pipelined-FFT-Processor/RTL/shift_8.v
Warning:  /home1/IITR_PD3/MulukuriVNath/Documents/RTL-to-GDSII-Implementation-of-a-32-Point-Pipelined-FFT-Processor/RTL/shift_8.v:1: Overwriting existing design element 'shift_8' with newer version. (VER-64)
Compiling source file /home1/IITR_PD3/MulukuriVNath/Documents/RTL-to-GDSII-Implementation-of-a-32-Point-Pipelined-FFT-Processor/RTL/shift_4.v
Warning:  /home1/IITR_PD3/MulukuriVNath/Documents/RTL-to-GDSII-Implementation-of-a-32-Point-Pipelined-FFT-Processor/RTL/shift_4.v:1: Overwriting existing design element 'shift_4' with newer version. (VER-64)
Compiling source file /home1/IITR_PD3/MulukuriVNath/Documents/RTL-to-GDSII-Implementation-of-a-32-Point-Pipelined-FFT-Processor/RTL/shift_2.v
Warning:  /home1/IITR_PD3/MulukuriVNath/Documents/RTL-to-GDSII-Implementation-of-a-32-Point-Pipelined-FFT-Processor/RTL/shift_2.v:1: Overwriting existing design element 'shift_2' with newer version. (VER-64)
Compiling source file /home1/IITR_PD3/MulukuriVNath/Documents/RTL-to-GDSII-Implementation-of-a-32-Point-Pipelined-FFT-Processor/RTL/shift_1.v
Warning:  /home1/IITR_PD3/MulukuriVNath/Documents/RTL-to-GDSII-Implementation-of-a-32-Point-Pipelined-FFT-Processor/RTL/shift_1.v:1: Overwriting existing design element 'shift_1' with newer version. (VER-64)
*** Presto compilation terminated with 1 errors. ***
Loading db file '/home1/14_nmts/14_nmts/stdcell_rvt/db_ccs/saed14rvt_ss0p6v125c.db'
Information: Using CCS timing libraries. (TIM-024)
Loading db file '/home1/14_nmts/14_nmts/stdcell_lvt/db_ccs/saed14lvt_ss0p6v125c.db'
Loading db file '/home/cad/eda/SYNOPSYS/Design_Compiler_2022.03/syn/T-2022.03-SP4/libraries/syn/dw_foundation.sldb'
0
dc_shell> Information: Optimization is being performed with the 'simplified_verification_mode' variable enabled.  (INFO-114)
Loading db file '/home/cad/eda/SYNOPSYS/Design_Compiler_2022.03/syn/T-2022.03-SP4/libraries/syn/gtech.db'
Loading db file '/home/cad/eda/SYNOPSYS/Design_Compiler_2022.03/syn/T-2022.03-SP4/libraries/syn/standard.sldb'
  Loading link library 'saed14rvt_ss0p6v125c'
  Loading link library 'saed14lvt_ss0p6v125c'
  Loading link library 'gtech'
Running PRESTO HDLC
Warning:  /home1/IITR_PD3/MulukuriVNath/Documents/RTL-to-GDSII-Implementation-of-a-32-Point-Pipelined-FFT-Processor/RTL/FFT.v:48: signed to unsigned assignment occurs. (VER-318)
Warning:  /home1/IITR_PD3/MulukuriVNath/Documents/RTL-to-GDSII-Implementation-of-a-32-Point-Pipelined-FFT-Processor/RTL/FFT.v:49: signed to unsigned assignment occurs. (VER-318)
Warning:  /home1/IITR_PD3/MulukuriVNath/Documents/RTL-to-GDSII-Implementation-of-a-32-Point-Pipelined-FFT-Processor/RTL/FFT.v:260: unsigned to signed assignment occurs. (VER-318)
Warning:  /home1/IITR_PD3/MulukuriVNath/Documents/RTL-to-GDSII-Implementation-of-a-32-Point-Pipelined-FFT-Processor/RTL/FFT.v:261: unsigned to signed assignment occurs. (VER-318)
Warning:  /home1/IITR_PD3/MulukuriVNath/Documents/RTL-to-GDSII-Implementation-of-a-32-Point-Pipelined-FFT-Processor/RTL/FFT.v:313: unsigned to signed assignment occurs. (VER-318)
Warning:  /home1/IITR_PD3/MulukuriVNath/Documents/RTL-to-GDSII-Implementation-of-a-32-Point-Pipelined-FFT-Processor/RTL/FFT.v:314: unsigned to signed assignment occurs. (VER-318)
Warning:  /home1/IITR_PD3/MulukuriVNath/Documents/RTL-to-GDSII-Implementation-of-a-32-Point-Pipelined-FFT-Processor/RTL/FFT.v:318: unsigned to signed assignment occurs. (VER-318)
Warning:  /home1/IITR_PD3/MulukuriVNath/Documents/RTL-to-GDSII-Implementation-of-a-32-Point-Pipelined-FFT-Processor/RTL/FFT.v:319: unsigned to signed assignment occurs. (VER-318)
Warning:  /home1/IITR_PD3/MulukuriVNath/Documents/RTL-to-GDSII-Implementation-of-a-32-Point-Pipelined-FFT-Processor/RTL/FFT.v:322: unsigned to signed assignment occurs. (VER-318)
Warning:  /home1/IITR_PD3/MulukuriVNath/Documents/RTL-to-GDSII-Implementation-of-a-32-Point-Pipelined-FFT-Processor/RTL/FFT.v:323: unsigned to signed assignment occurs. (VER-318)
Warning:  /home1/IITR_PD3/MulukuriVNath/Documents/RTL-to-GDSII-Implementation-of-a-32-Point-Pipelined-FFT-Processor/RTL/FFT.v:326: unsigned to signed assignment occurs. (VER-318)
Warning:  /home1/IITR_PD3/MulukuriVNath/Documents/RTL-to-GDSII-Implementation-of-a-32-Point-Pipelined-FFT-Processor/RTL/FFT.v:327: unsigned to signed assignment occurs. (VER-318)
Warning:  /home1/IITR_PD3/MulukuriVNath/Documents/RTL-to-GDSII-Implementation-of-a-32-Point-Pipelined-FFT-Processor/RTL/FFT.v:330: unsigned to signed assignment occurs. (VER-318)
Warning:  /home1/IITR_PD3/MulukuriVNath/Documents/RTL-to-GDSII-Implementation-of-a-32-Point-Pipelined-FFT-Processor/RTL/FFT.v:331: unsigned to signed assignment occurs. (VER-318)
Warning:  /home1/IITR_PD3/MulukuriVNath/Documents/RTL-to-GDSII-Implementation-of-a-32-Point-Pipelined-FFT-Processor/RTL/FFT.v:334: unsigned to signed assignment occurs. (VER-318)
Warning:  /home1/IITR_PD3/MulukuriVNath/Documents/RTL-to-GDSII-Implementation-of-a-32-Point-Pipelined-FFT-Processor/RTL/FFT.v:335: unsigned to signed assignment occurs. (VER-318)
Warning:  /home1/IITR_PD3/MulukuriVNath/Documents/RTL-to-GDSII-Implementation-of-a-32-Point-Pipelined-FFT-Processor/RTL/FFT.v:338: unsigned to signed assignment occurs. (VER-318)
Warning:  /home1/IITR_PD3/MulukuriVNath/Documents/RTL-to-GDSII-Implementation-of-a-32-Point-Pipelined-FFT-Processor/RTL/FFT.v:339: unsigned to signed assignment occurs. (VER-318)
Warning:  /home1/IITR_PD3/MulukuriVNath/Documents/RTL-to-GDSII-Implementation-of-a-32-Point-Pipelined-FFT-Processor/RTL/FFT.v:342: unsigned to signed assignment occurs. (VER-318)
Warning:  /home1/IITR_PD3/MulukuriVNath/Documents/RTL-to-GDSII-Implementation-of-a-32-Point-Pipelined-FFT-Processor/RTL/FFT.v:343: unsigned to signed assignment occurs. (VER-318)
Warning:  /home1/IITR_PD3/MulukuriVNath/Documents/RTL-to-GDSII-Implementation-of-a-32-Point-Pipelined-FFT-Processor/RTL/FFT.v:346: unsigned to signed assignment occurs. (VER-318)
Warning:  /home1/IITR_PD3/MulukuriVNath/Documents/RTL-to-GDSII-Implementation-of-a-32-Point-Pipelined-FFT-Processor/RTL/FFT.v:347: unsigned to signed assignment occurs. (VER-318)
Warning:  /home1/IITR_PD3/MulukuriVNath/Documents/RTL-to-GDSII-Implementation-of-a-32-Point-Pipelined-FFT-Processor/RTL/FFT.v:350: unsigned to signed assignment occurs. (VER-318)
Warning:  /home1/IITR_PD3/MulukuriVNath/Documents/RTL-to-GDSII-Implementation-of-a-32-Point-Pipelined-FFT-Processor/RTL/FFT.v:351: unsigned to signed assignment occurs. (VER-318)
Warning:  /home1/IITR_PD3/MulukuriVNath/Documents/RTL-to-GDSII-Implementation-of-a-32-Point-Pipelined-FFT-Processor/RTL/FFT.v:354: unsigned to signed assignment occurs. (VER-318)
Warning:  /home1/IITR_PD3/MulukuriVNath/Documents/RTL-to-GDSII-Implementation-of-a-32-Point-Pipelined-FFT-Processor/RTL/FFT.v:355: unsigned to signed assignment occurs. (VER-318)
Warning:  /home1/IITR_PD3/MulukuriVNath/Documents/RTL-to-GDSII-Implementation-of-a-32-Point-Pipelined-FFT-Processor/RTL/FFT.v:358: unsigned to signed assignment occurs. (VER-318)
Warning:  /home1/IITR_PD3/MulukuriVNath/Documents/RTL-to-GDSII-Implementation-of-a-32-Point-Pipelined-FFT-Processor/RTL/FFT.v:359: unsigned to signed assignment occurs. (VER-318)
Warning:  /home1/IITR_PD3/MulukuriVNath/Documents/RTL-to-GDSII-Implementation-of-a-32-Point-Pipelined-FFT-Processor/RTL/FFT.v:362: unsigned to signed assignment occurs. (VER-318)
Warning:  /home1/IITR_PD3/MulukuriVNath/Documents/RTL-to-GDSII-Implementation-of-a-32-Point-Pipelined-FFT-Processor/RTL/FFT.v:363: unsigned to signed assignment occurs. (VER-318)
Warning:  /home1/IITR_PD3/MulukuriVNath/Documents/RTL-to-GDSII-Implementation-of-a-32-Point-Pipelined-FFT-Processor/RTL/FFT.v:366: unsigned to signed assignment occurs. (VER-318)
Warning:  /home1/IITR_PD3/MulukuriVNath/Documents/RTL-to-GDSII-Implementation-of-a-32-Point-Pipelined-FFT-Processor/RTL/FFT.v:367: unsigned to signed assignment occurs. (VER-318)
Warning:  /home1/IITR_PD3/MulukuriVNath/Documents/RTL-to-GDSII-Implementation-of-a-32-Point-Pipelined-FFT-Processor/RTL/FFT.v:370: unsigned to signed assignment occurs. (VER-318)
Warning:  /home1/IITR_PD3/MulukuriVNath/Documents/RTL-to-GDSII-Implementation-of-a-32-Point-Pipelined-FFT-Processor/RTL/FFT.v:371: unsigned to signed assignment occurs. (VER-318)
Warning:  /home1/IITR_PD3/MulukuriVNath/Documents/RTL-to-GDSII-Implementation-of-a-32-Point-Pipelined-FFT-Processor/RTL/FFT.v:374: unsigned to signed assignment occurs. (VER-318)
Warning:  /home1/IITR_PD3/MulukuriVNath/Documents/RTL-to-GDSII-Implementation-of-a-32-Point-Pipelined-FFT-Processor/RTL/FFT.v:375: unsigned to signed assignment occurs. (VER-318)
Warning:  /home1/IITR_PD3/MulukuriVNath/Documents/RTL-to-GDSII-Implementation-of-a-32-Point-Pipelined-FFT-Processor/RTL/FFT.v:378: unsigned to signed assignment occurs. (VER-318)
Warning:  /home1/IITR_PD3/MulukuriVNath/Documents/RTL-to-GDSII-Implementation-of-a-32-Point-Pipelined-FFT-Processor/RTL/FFT.v:379: unsigned to signed assignment occurs. (VER-318)
Warning:  /home1/IITR_PD3/MulukuriVNath/Documents/RTL-to-GDSII-Implementation-of-a-32-Point-Pipelined-FFT-Processor/RTL/FFT.v:382: unsigned to signed assignment occurs. (VER-318)
Warning:  /home1/IITR_PD3/MulukuriVNath/Documents/RTL-to-GDSII-Implementation-of-a-32-Point-Pipelined-FFT-Processor/RTL/FFT.v:383: unsigned to signed assignment occurs. (VER-318)
Warning:  /home1/IITR_PD3/MulukuriVNath/Documents/RTL-to-GDSII-Implementation-of-a-32-Point-Pipelined-FFT-Processor/RTL/FFT.v:386: unsigned to signed assignment occurs. (VER-318)
Warning:  /home1/IITR_PD3/MulukuriVNath/Documents/RTL-to-GDSII-Implementation-of-a-32-Point-Pipelined-FFT-Processor/RTL/FFT.v:387: unsigned to signed assignment occurs. (VER-318)
Warning:  /home1/IITR_PD3/MulukuriVNath/Documents/RTL-to-GDSII-Implementation-of-a-32-Point-Pipelined-FFT-Processor/RTL/FFT.v:390: unsigned to signed assignment occurs. (VER-318)
Warning:  /home1/IITR_PD3/MulukuriVNath/Documents/RTL-to-GDSII-Implementation-of-a-32-Point-Pipelined-FFT-Processor/RTL/FFT.v:391: unsigned to signed assignment occurs. (VER-318)
Warning:  /home1/IITR_PD3/MulukuriVNath/Documents/RTL-to-GDSII-Implementation-of-a-32-Point-Pipelined-FFT-Processor/RTL/FFT.v:394: unsigned to signed assignment occurs. (VER-318)
Warning:  /home1/IITR_PD3/MulukuriVNath/Documents/RTL-to-GDSII-Implementation-of-a-32-Point-Pipelined-FFT-Processor/RTL/FFT.v:395: unsigned to signed assignment occurs. (VER-318)
Warning:  /home1/IITR_PD3/MulukuriVNath/Documents/RTL-to-GDSII-Implementation-of-a-32-Point-Pipelined-FFT-Processor/RTL/FFT.v:398: unsigned to signed assignment occurs. (VER-318)
Warning:  /home1/IITR_PD3/MulukuriVNath/Documents/RTL-to-GDSII-Implementation-of-a-32-Point-Pipelined-FFT-Processor/RTL/FFT.v:399: unsigned to signed assignment occurs. (VER-318)
Warning:  /home1/IITR_PD3/MulukuriVNath/Documents/RTL-to-GDSII-Implementation-of-a-32-Point-Pipelined-FFT-Processor/RTL/FFT.v:402: unsigned to signed assignment occurs. (VER-318)
Warning:  /home1/IITR_PD3/MulukuriVNath/Documents/RTL-to-GDSII-Implementation-of-a-32-Point-Pipelined-FFT-Processor/RTL/FFT.v:403: unsigned to signed assignment occurs. (VER-318)
Warning:  /home1/IITR_PD3/MulukuriVNath/Documents/RTL-to-GDSII-Implementation-of-a-32-Point-Pipelined-FFT-Processor/RTL/FFT.v:406: unsigned to signed assignment occurs. (VER-318)
Warning:  /home1/IITR_PD3/MulukuriVNath/Documents/RTL-to-GDSII-Implementation-of-a-32-Point-Pipelined-FFT-Processor/RTL/FFT.v:407: unsigned to signed assignment occurs. (VER-318)
Warning:  /home1/IITR_PD3/MulukuriVNath/Documents/RTL-to-GDSII-Implementation-of-a-32-Point-Pipelined-FFT-Processor/RTL/FFT.v:410: unsigned to signed assignment occurs. (VER-318)
Warning:  /home1/IITR_PD3/MulukuriVNath/Documents/RTL-to-GDSII-Implementation-of-a-32-Point-Pipelined-FFT-Processor/RTL/FFT.v:411: unsigned to signed assignment occurs. (VER-318)
Warning:  /home1/IITR_PD3/MulukuriVNath/Documents/RTL-to-GDSII-Implementation-of-a-32-Point-Pipelined-FFT-Processor/RTL/FFT.v:414: unsigned to signed assignment occurs. (VER-318)
Warning:  /home1/IITR_PD3/MulukuriVNath/Documents/RTL-to-GDSII-Implementation-of-a-32-Point-Pipelined-FFT-Processor/RTL/FFT.v:415: unsigned to signed assignment occurs. (VER-318)
Warning:  /home1/IITR_PD3/MulukuriVNath/Documents/RTL-to-GDSII-Implementation-of-a-32-Point-Pipelined-FFT-Processor/RTL/FFT.v:418: unsigned to signed assignment occurs. (VER-318)
Warning:  /home1/IITR_PD3/MulukuriVNath/Documents/RTL-to-GDSII-Implementation-of-a-32-Point-Pipelined-FFT-Processor/RTL/FFT.v:419: unsigned to signed assignment occurs. (VER-318)
Warning:  /home1/IITR_PD3/MulukuriVNath/Documents/RTL-to-GDSII-Implementation-of-a-32-Point-Pipelined-FFT-Processor/RTL/FFT.v:422: unsigned to signed assignment occurs. (VER-318)
Warning:  /home1/IITR_PD3/MulukuriVNath/Documents/RTL-to-GDSII-Implementation-of-a-32-Point-Pipelined-FFT-Processor/RTL/FFT.v:423: unsigned to signed assignment occurs. (VER-318)
Warning:  /home1/IITR_PD3/MulukuriVNath/Documents/RTL-to-GDSII-Implementation-of-a-32-Point-Pipelined-FFT-Processor/RTL/FFT.v:426: unsigned to signed assignment occurs. (VER-318)
Warning:  /home1/IITR_PD3/MulukuriVNath/Documents/RTL-to-GDSII-Implementation-of-a-32-Point-Pipelined-FFT-Processor/RTL/FFT.v:427: unsigned to signed assignment occurs. (VER-318)
Warning:  /home1/IITR_PD3/MulukuriVNath/Documents/RTL-to-GDSII-Implementation-of-a-32-Point-Pipelined-FFT-Processor/RTL/FFT.v:430: unsigned to signed assignment occurs. (VER-318)
Warning:  /home1/IITR_PD3/MulukuriVNath/Documents/RTL-to-GDSII-Implementation-of-a-32-Point-Pipelined-FFT-Processor/RTL/FFT.v:431: unsigned to signed assignment occurs. (VER-318)
Warning:  /home1/IITR_PD3/MulukuriVNath/Documents/RTL-to-GDSII-Implementation-of-a-32-Point-Pipelined-FFT-Processor/RTL/FFT.v:434: unsigned to signed assignment occurs. (VER-318)
Warning:  /home1/IITR_PD3/MulukuriVNath/Documents/RTL-to-GDSII-Implementation-of-a-32-Point-Pipelined-FFT-Processor/RTL/FFT.v:435: unsigned to signed assignment occurs. (VER-318)
Warning:  /home1/IITR_PD3/MulukuriVNath/Documents/RTL-to-GDSII-Implementation-of-a-32-Point-Pipelined-FFT-Processor/RTL/FFT.v:438: unsigned to signed assignment occurs. (VER-318)
Warning:  /home1/IITR_PD3/MulukuriVNath/Documents/RTL-to-GDSII-Implementation-of-a-32-Point-Pipelined-FFT-Processor/RTL/FFT.v:439: unsigned to signed assignment occurs. (VER-318)

Statistics for case statements in always block at line 300 in file
	'/home1/IITR_PD3/MulukuriVNath/Documents/RTL-to-GDSII-Implementation-of-a-32-Point-Pipelined-FFT-Processor/RTL/FFT.v'
===============================================
|           Line           |  full/ parallel  |
===============================================
|           311            |    auto/auto     |
===============================================

Inferred memory devices in process
	in routine FFT line 241 in file
		'/home1/IITR_PD3/MulukuriVNath/Documents/RTL-to-GDSII-Implementation-of-a-32-Point-Pipelined-FFT-Processor/RTL/FFT.v'.
===============================================================================
|    Register Name    |   Type    | Width | Bus | MB | AR | AS | SR | SS | ST |
===============================================================================
|     dout_i_reg      | Flip-flop |  16   |  Y  | N  | Y  | N  | N  | N  | N  |
|    result_i_reg     | Flip-flop |  512  |  Y  | N  | Y  | N  | N  | N  | N  |
|    y_1_delay_reg    | Flip-flop |   5   |  Y  | N  | Y  | N  | N  | N  | N  |
|    result_r_reg     | Flip-flop |  512  |  Y  | N  | Y  | N  | N  | N  | N  |
|    din_r_reg_reg    | Flip-flop |  24   |  Y  | N  | Y  | N  | N  | N  | N  |
|    din_i_reg_reg    | Flip-flop |  24   |  Y  | N  | Y  | N  | N  | N  | N  |
|  in_valid_reg_reg   | Flip-flop |   1   |  N  | N  | Y  | N  | N  | N  | N  |
|    s5_count_reg     | Flip-flop |   1   |  N  | N  | Y  | N  | N  | N  | N  |
|    r4_valid_reg     | Flip-flop |   1   |  N  | N  | Y  | N  | N  | N  | N  |
|     count_y_reg     | Flip-flop |   6   |  Y  | N  | Y  | N  | N  | N  | N  |
|   assign_out_reg    | Flip-flop |   1   |  N  | N  | Y  | N  | N  | N  | N  |
|      over_reg       | Flip-flop |   1   |  N  | N  | Y  | N  | N  | N  | N  |
|     dout_r_reg      | Flip-flop |  16   |  Y  | N  | Y  | N  | N  | N  | N  |
===============================================================================
Statistics for MUX_OPs
======================================================
| block name/line  | Inputs | Outputs | # sel inputs |
======================================================
|     FFT/291      |   32   |   32    |      5       |
======================================================
Presto compilation completed successfully. (FFT)
Elaborated 1 design.
Current design is now 'FFT'.
Information: Building the design 'radix2'. (HDL-193)
Warning:  /home1/IITR_PD3/MulukuriVNath/Documents/RTL-to-GDSII-Implementation-of-a-32-Point-Pipelined-FFT-Processor/RTL/radix2.v:56: signed to unsigned part selection occurs. (VER-318)
Warning:  /home1/IITR_PD3/MulukuriVNath/Documents/RTL-to-GDSII-Implementation-of-a-32-Point-Pipelined-FFT-Processor/RTL/radix2.v:57: signed to unsigned part selection occurs. (VER-318)
Warning:  /home1/IITR_PD3/MulukuriVNath/Documents/RTL-to-GDSII-Implementation-of-a-32-Point-Pipelined-FFT-Processor/RTL/radix2.v:24: DEFAULT branch of CASE statement cannot be reached. (ELAB-311)

Statistics for case statements in always block at line 19 in file
	'/home1/IITR_PD3/MulukuriVNath/Documents/RTL-to-GDSII-Implementation-of-a-32-Point-Pipelined-FFT-Processor/RTL/radix2.v'
===============================================
|           Line           |  full/ parallel  |
===============================================
|            24            |    auto/auto     |
===============================================
Presto compilation completed successfully. (radix2)
Information: Building the design 'shift_16'. (HDL-193)
Warning:  File /home1/IITR_PD3/MulukuriVNath/Documents/RTL-to-GDSII-Implementation-of-a-32-Point-Pipelined-FFT-Processor/Synthesis/work/shift_16-verilog.pvl not found, or does not contain a usable description of shift_16. (ELAB-320)
Presto compilation completed successfully.
Information: Building the design 'ROM_16'. (HDL-193)
Warning:  File /home1/IITR_PD3/MulukuriVNath/Documents/RTL-to-GDSII-Implementation-of-a-32-Point-Pipelined-FFT-Processor/Synthesis/work/ROM_16-verilog.pvl not found, or does not contain a usable description of ROM_16. (ELAB-320)
Presto compilation completed successfully.
Information: Building the design 'shift_8'. (HDL-193)
Warning:  File /home1/IITR_PD3/MulukuriVNath/Documents/RTL-to-GDSII-Implementation-of-a-32-Point-Pipelined-FFT-Processor/Synthesis/work/shift_8-verilog.pvl not found, or does not contain a usable description of shift_8. (ELAB-320)
Presto compilation completed successfully.
Information: Building the design 'ROM_8'. (HDL-193)
Warning:  File /home1/IITR_PD3/MulukuriVNath/Documents/RTL-to-GDSII-Implementation-of-a-32-Point-Pipelined-FFT-Processor/Synthesis/work/ROM_8-verilog.pvl not found, or does not contain a usable description of ROM_8. (ELAB-320)
Presto compilation completed successfully.
Information: Building the design 'shift_4'. (HDL-193)
Warning:  File /home1/IITR_PD3/MulukuriVNath/Documents/RTL-to-GDSII-Implementation-of-a-32-Point-Pipelined-FFT-Processor/Synthesis/work/shift_4-verilog.pvl not found, or does not contain a usable description of shift_4. (ELAB-320)
Presto compilation completed successfully.
Information: Building the design 'ROM_4'. (HDL-193)
Warning:  File /home1/IITR_PD3/MulukuriVNath/Documents/RTL-to-GDSII-Implementation-of-a-32-Point-Pipelined-FFT-Processor/Synthesis/work/ROM_4-verilog.pvl not found, or does not contain a usable description of ROM_4. (ELAB-320)
Presto compilation completed successfully.
Information: Building the design 'shift_2'. (HDL-193)
Warning:  File /home1/IITR_PD3/MulukuriVNath/Documents/RTL-to-GDSII-Implementation-of-a-32-Point-Pipelined-FFT-Processor/Synthesis/work/shift_2-verilog.pvl not found, or does not contain a usable description of shift_2. (ELAB-320)
Presto compilation completed successfully.
Information: Building the design 'ROM_2'. (HDL-193)
Warning:  File /home1/IITR_PD3/MulukuriVNath/Documents/RTL-to-GDSII-Implementation-of-a-32-Point-Pipelined-FFT-Processor/Synthesis/work/ROM_2-verilog.pvl not found, or does not contain a usable description of ROM_2. (ELAB-320)
Presto compilation completed successfully.
Information: Building the design 'shift_1'. (HDL-193)
Warning:  File /home1/IITR_PD3/MulukuriVNath/Documents/RTL-to-GDSII-Implementation-of-a-32-Point-Pipelined-FFT-Processor/Synthesis/work/shift_1-verilog.pvl not found, or does not contain a usable description of shift_1. (ELAB-320)
Presto compilation completed successfully.
Warning: Design 'FFT' has '9' unresolved references. For more detailed information, use the "link" command. (UID-341)
1
Current design is 'FFT'.
dc_shell> dc_shell> Current design is 'FFT'.
{FFT}
dc_shell> N.  Messages                                                 Command Reference
                                   messages

NAME
       VER-318 (warning) %s %s to %s %s occurs.

DESCRIPTION
       You  receive this warning message when the Presto HDL Compiler performs
       one of the following conversions or assignments:

         o Implicitly converts an unsigned expression to a signed expression
         o Implicitly converts a signed expression to an unsigned expression
         o Assigns an unsigned right side to a signed left side
         o Assigns a signed right side to an unsigned left side.

       The following is an example of implicit signed/unsigned conversion:
         reg signed [3:0] a;
         reg [7:0] c;
         a = 4'sb1010;
         c = a+7'b0101011;

       According to Verilog standard 2001, the tool converts the signed  oper-
       and  a to an unsigned value in the second assignment.  The a operand is
       not sign-extended and the Presto  HDL  Compiler  issues  the  following
       warning message:
         signed to unsigned conversion occurs

       However,  if  the  operand  being  converted is a constant with leading
       zeros (in this case, converting between signed and  unsigned  does  not
       change  logic),  the Presto HDL Compiler does not issue a warning.  For
       example:
         c = 5'sb01101+7'b0101011;

       The first operand on the right  side  is  implicitly  converted  to  an
       unsigned  value,  but no warning is issued since the msb of the operand
       is 0.

       Explicit type casting might also disable  warnings  about  conversions.
       In  the  example above, Presto HDL Compiler does not issue any warnings
       if a is coerced to be unsigned; for example, by assigning c as follows:
         c = $unsigned(a)+7'b0101011;

       The following is an example of a signed/unsigned assignment:
         reg [7:0] a;
         a = 4'sb1010;

       The Presto HDL Compiler issues the following warning message:
         signed to unsigned assignment occurs

       Although the left side is unsigned,  the  right  side  is  still  sign-
       extended, so after the assignment, a equals 8'b11111010.

WHAT NEXT
       This  is a warning message only.  No action is required on your part if
       you want to have signed/unsigned conversions or assignments.   However,
       you  can  avoid  implicit  conversion or signed/unsigned assignments by
       changing your Verilog code.

SEE ALSO
       elaborate(2)
       read(2)

                          Version T-2022.03-SP4
            Copyright (c) 2022 Synopsys, Inc. All rights reserved.
dc_shell> 