 
                              Library Manager (TM)

                Version V-2023.12-SP4 for linux64 - Jun 03, 2024
                           Base build date 2024/05/13

                    Copyright (c) 1988 - 2024 Synopsys, Inc.
   This software and the associated documentation are proprietary to Synopsys,
 Inc. This software may only be used in accordance with the terms and conditions
 of a written license agreement with Synopsys, Inc. All other use, reproduction,
   or distribution of this software is strictly prohibited.  Licensed Products
     communicate with Synopsys servers for the purpose of providing software
    updates, detecting software piracy and verifying that customers are using
    Licensed Products in conformity with the applicable License Key for such
  Licensed Products. Synopsys will use information gathered in connection with
    this process to deliver software updates and pursue software pirates and
                                   infringers.

 Inclusivity & Diversity - Visit SolvNetPlus to read the "Synopsys Statement on
            Inclusivity and Diversity" (Refer to article 000036315 at
                        https://solvnetplus.synopsys.com)

Information: Term was not able to be set up using xterm-256color . Using "xterm" by default instead. (CLE-10)
set search_path {. /home/cad/eda/SYNOPSYS/FusionCompiler_V2023.12-SP4/fusioncompiler/V-2023.12-SP4/dw/syn_ver /home/cad/eda/SYNOPSYS/FusionCompiler_V2023.12-SP4/fusioncompiler/V-2023.12-SP4/dw/sim_ver /home/cad/eda/SYNOPSYS/FusionCompiler_V2023.12-SP4/fusioncompiler/V-2023.12-SP4/libraries/syn .}
. /home/cad/eda/SYNOPSYS/FusionCompiler_V2023.12-SP4/fusioncompiler/V-2023.12-SP4/dw/syn_ver /home/cad/eda/SYNOPSYS/FusionCompiler_V2023.12-SP4/fusioncompiler/V-2023.12-SP4/dw/sim_ver /home/cad/eda/SYNOPSYS/FusionCompiler_V2023.12-SP4/fusioncompiler/V-2023.12-SP4/libraries/syn .
setenv RUN_RESULT /tmp/.tARL771766/_rraDn9ir
/tmp/.tARL771766/_rraDn9ir
set_current_mismatch_config auto_fix
1
set_app_options -name lib.workspace.build_script -value CLIBs/.scripts/saed14lvt_c_physical_only.tcl
lib.workspace.build_script CLIBs/.scripts/saed14lvt_c_physical_only.tcl
#suppress_messages
source -echo -verbose CLIBs/.scripts/saed14lvt_c_physical_only.tcl
set NDM_LIBS {}
set FRAME_LIBS {/home1/14_nmts/14_nmts/stdcell_lvt/ndm/saed14lvt_frame_only.ndm}
/home1/14_nmts/14_nmts/stdcell_lvt/ndm/saed14lvt_frame_only.ndm
set LEF_FILES {}
set DB_FILES {}
set TECH_FILE "/home1/14_nmts/14_nmts/tech/milkyway/saed14nm_1p9m_mw.tf"
/home1/14_nmts/14_nmts/tech/milkyway/saed14nm_1p9m_mw.tf
set_app_options -name lib.workspace.create_cached_lib -value true
lib.workspace.create_cached_lib true
set_app_options -name lib.workspace.include_design_filters -value {SAEDLVT14_AOLVLUBUFE0_IY2V1_1 SAEDLVT14_AOLVLUBUFE0_IY2V1_10 SAEDLVT14_AOLVLUBUFE0_IY2V1_12 SAEDLVT14_AOLVLUBUFE0_IY2V1_2 SAEDLVT14_AOLVLUBUFE0_IY2V1_3 SAEDLVT14_AOLVLUBUFE0_IY2V1_4 SAEDLVT14_AOLVLUBUFE0_IY2V1_6 SAEDLVT14_AOLVLUBUFE0_IY2V1_8 SAEDLVT14_AOLVLUBUFE1_IY2V1_1 SAEDLVT14_AOLVLUBUFE1_IY2V1_10 SAEDLVT14_AOLVLUBUFE1_IY2V1_12 SAEDLVT14_AOLVLUBUFE1_IY2V1_2 SAEDLVT14_AOLVLUBUFE1_IY2V1_3 SAEDLVT14_AOLVLUBUFE1_IY2V1_4 SAEDLVT14_AOLVLUBUFE1_IY2V1_6 SAEDLVT14_AOLVLUBUFE1_IY2V1_8 SAEDLVT14_AOLVLUBUF_IY2V1_1 SAEDLVT14_AOLVLUBUF_IY2V1_10 SAEDLVT14_AOLVLUBUF_IY2V1_12 SAEDLVT14_AOLVLUBUF_IY2V1_2 SAEDLVT14_AOLVLUBUF_IY2V1_3 SAEDLVT14_AOLVLUBUF_IY2V1_4 SAEDLVT14_AOLVLUBUF_IY2V1_6 SAEDLVT14_AOLVLUBUF_IY2V1_8 SAEDLVT14_ELVLDNOR_V2_1 SAEDLVT14_ELVLDNOR_V2_10 SAEDLVT14_ELVLDNOR_V2_12 SAEDLVT14_ELVLDNOR_V2_2 SAEDLVT14_ELVLDNOR_V2_3 SAEDLVT14_ELVLDNOR_V2_4 SAEDLVT14_ELVLDNOR_V2_6 SAEDLVT14_ELVLDNOR_V2_8 SAEDLVT14_ELVLUNOR_V2_1 SAEDLVT14_ELVLUNOR_V2_10 SAEDLVT14_ELVLUNOR_V2_12 SAEDLVT14_ELVLUNOR_V2_2 SAEDLVT14_ELVLUNOR_V2_3 SAEDLVT14_ELVLUNOR_V2_4 SAEDLVT14_ELVLUNOR_V2_6 SAEDLVT14_ELVLUNOR_V2_8 SAEDLVT14_FSDN_V2_0P5 SAEDLVT14_LVLDBUFE0_IY2V1_1 SAEDLVT14_LVLDBUFE0_IY2V1_10 SAEDLVT14_LVLDBUFE0_IY2V1_12 SAEDLVT14_LVLDBUFE0_IY2V1_2 SAEDLVT14_LVLDBUFE0_IY2V1_3 SAEDLVT14_LVLDBUFE0_IY2V1_4 SAEDLVT14_LVLDBUFE0_IY2V1_6 SAEDLVT14_LVLDBUFE0_IY2V1_8 SAEDLVT14_LVLDBUFE0_IY2_1 SAEDLVT14_LVLDBUFE0_IY2_10 SAEDLVT14_LVLDBUFE0_IY2_12 SAEDLVT14_LVLDBUFE0_IY2_2 SAEDLVT14_LVLDBUFE0_IY2_3 SAEDLVT14_LVLDBUFE0_IY2_4 SAEDLVT14_LVLDBUFE0_IY2_6 SAEDLVT14_LVLDBUFE1_IY2V1_1 SAEDLVT14_LVLDBUFE1_IY2V1_10 SAEDLVT14_LVLDBUFE1_IY2V1_12 SAEDLVT14_LVLDBUFE1_IY2V1_2 SAEDLVT14_LVLDBUFE1_IY2V1_3 SAEDLVT14_LVLDBUFE1_IY2V1_4 SAEDLVT14_LVLDBUFE1_IY2V1_6 SAEDLVT14_LVLDBUFE1_IY2V1_8 SAEDLVT14_LVLDBUFE1_IY2_1 SAEDLVT14_LVLDBUFE1_IY2_10 SAEDLVT14_LVLDBUFE1_IY2_12 SAEDLVT14_LVLDBUFE1_IY2_2 SAEDLVT14_LVLDBUFE1_IY2_4 SAEDLVT14_LVLDBUFE1_IY2_6 SAEDLVT14_LVLDBUFE1_IY2_8 SAEDLVT14_LVLDBUF_IY2V1_1 SAEDLVT14_LVLDBUF_IY2V1_10 SAEDLVT14_LVLDBUF_IY2V1_12 SAEDLVT14_LVLDBUF_IY2V1_2 SAEDLVT14_LVLDBUF_IY2V1_3 SAEDLVT14_LVLDBUF_IY2V1_4 SAEDLVT14_LVLDBUF_IY2V1_6 SAEDLVT14_LVLDBUF_IY2V1_8 SAEDLVT14_LVLUBUF4E0_IY2_2 SAEDLVT14_LVLUBUF4E0_IY2_4 SAEDLVT14_LVLUBUF4E0_IY2_8 SAEDLVT14_LVLUBUFE0_IY2V1_1 SAEDLVT14_LVLUBUFE0_IY2V1_10 SAEDLVT14_LVLUBUFE0_IY2V1_12 SAEDLVT14_LVLUBUFE0_IY2V1_2 SAEDLVT14_LVLUBUFE0_IY2V1_3 SAEDLVT14_LVLUBUFE0_IY2V1_4 SAEDLVT14_LVLUBUFE0_IY2V1_6 SAEDLVT14_LVLUBUFE0_IY2V1_8 SAEDLVT14_LVLUBUFE0_IY2_1 SAEDLVT14_LVLUBUFE0_IY2_10 SAEDLVT14_LVLUBUFE0_IY2_12 SAEDLVT14_LVLUBUFE0_IY2_2 SAEDLVT14_LVLUBUFE0_IY2_3 SAEDLVT14_LVLUBUFE0_IY2_4 SAEDLVT14_LVLUBUFE0_IY2_6 SAEDLVT14_LVLUBUFE0_IY2_8 SAEDLVT14_LVLUBUFE1_IY2V1_1 SAEDLVT14_LVLUBUFE1_IY2V1_10 SAEDLVT14_LVLUBUFE1_IY2V1_12 SAEDLVT14_LVLUBUFE1_IY2V1_2 SAEDLVT14_LVLUBUFE1_IY2V1_3 SAEDLVT14_LVLUBUFE1_IY2V1_4 SAEDLVT14_LVLUBUFE1_IY2V1_6 SAEDLVT14_LVLUBUFE1_IY2V1_8 SAEDLVT14_LVLUBUFE1_IY2_1 SAEDLVT14_LVLUBUFE1_IY2_10 SAEDLVT14_LVLUBUFE1_IY2_12 SAEDLVT14_LVLUBUFE1_IY2_2 SAEDLVT14_LVLUBUFE1_IY2_3 SAEDLVT14_LVLUBUFE1_IY2_4 SAEDLVT14_LVLUBUFE1_IY2_6 SAEDLVT14_LVLUBUFE1_IY2_8 SAEDLVT14_LVLUBUF_IY2V1_1 SAEDLVT14_LVLUBUF_IY2V1_10 SAEDLVT14_LVLUBUF_IY2V1_12 SAEDLVT14_LVLUBUF_IY2V1_2 SAEDLVT14_LVLUBUF_IY2V1_3 SAEDLVT14_LVLUBUF_IY2V1_4 SAEDLVT14_LVLUBUF_IY2V1_6 SAEDLVT14_LVLUBUF_IY2V1_8 SAEDLVT14_LVLUBUF_IY2_1 SAEDLVT14_LVLUBUF_IY2_10 SAEDLVT14_LVLUBUF_IY2_12 SAEDLVT14_LVLUBUF_IY2_2 SAEDLVT14_LVLUBUF_IY2_3 SAEDLVT14_LVLUBUF_IY2_4 SAEDLVT14_LVLUBUF_IY2_6 SAEDLVT14_LVLUBUF_IY2_8 SAEDLVT14_PGATDRV_V1_8}
lib.workspace.include_design_filters {SAEDLVT14_AOLVLUBUFE0_IY2V1_1 SAEDLVT14_AOLVLUBUFE0_IY2V1_10 SAEDLVT14_AOLVLUBUFE0_IY2V1_12 SAEDLVT14_AOLVLUBUFE0_IY2V1_2 SAEDLVT14_AOLVLUBUFE0_IY2V1_3 SAEDLVT14_AOLVLUBUFE0_IY2V1_4 SAEDLVT14_AOLVLUBUFE0_IY2V1_6 SAEDLVT14_AOLVLUBUFE0_IY2V1_8 SAEDLVT14_AOLVLUBUFE1_IY2V1_1 SAEDLVT14_AOLVLUBUFE1_IY2V1_10 SAEDLVT14_AOLVLUBUFE1_IY2V1_12 SAEDLVT14_AOLVLUBUFE1_IY2V1_2 SAEDLVT14_AOLVLUBUFE1_IY2V1_3 SAEDLVT14_AOLVLUBUFE1_IY2V1_4 SAEDLVT14_AOLVLUBUFE1_IY2V1_6 SAEDLVT14_AOLVLUBUFE1_IY2V1_8 SAEDLVT14_AOLVLUBUF_IY2V1_1 SAEDLVT14_AOLVLUBUF_IY2V1_10 SAEDLVT14_AOLVLUBUF_IY2V1_12 SAEDLVT14_AOLVLUBUF_IY2V1_2 SAEDLVT14_AOLVLUBUF_IY2V1_3 SAEDLVT14_AOLVLUBUF_IY2V1_4 SAEDLVT14_AOLVLUBUF_IY2V1_6 SAEDLVT14_AOLVLUBUF_IY2V1_8 SAEDLVT14_ELVLDNOR_V2_1 SAEDLVT14_ELVLDNOR_V2_10 SAEDLVT14_ELVLDNOR_V2_12 SAEDLVT14_ELVLDNOR_V2_2 SAEDLVT14_ELVLDNOR_V2_3 SAEDLVT14_ELVLDNOR_V2_4 SAEDLVT14_ELVLDNOR_V2_6 SAEDLVT14_ELVLDNOR_V2_8 SAEDLVT14_ELVLUNOR_V2_1 SAEDLVT14_ELVLUNOR_V2_10 SAEDLVT14_ELVLUNOR_V2_12 SAEDLVT14_ELVLUNOR_V2_2 SAEDLVT14_ELVLUNOR_V2_3 SAEDLVT14_ELVLUNOR_V2_4 SAEDLVT14_ELVLUNOR_V2_6 SAEDLVT14_ELVLUNOR_V2_8 SAEDLVT14_FSDN_V2_0P5 SAEDLVT14_LVLDBUFE0_IY2V1_1 SAEDLVT14_LVLDBUFE0_IY2V1_10 SAEDLVT14_LVLDBUFE0_IY2V1_12 SAEDLVT14_LVLDBUFE0_IY2V1_2 SAEDLVT14_LVLDBUFE0_IY2V1_3 SAEDLVT14_LVLDBUFE0_IY2V1_4 SAEDLVT14_LVLDBUFE0_IY2V1_6 SAEDLVT14_LVLDBUFE0_IY2V1_8 SAEDLVT14_LVLDBUFE0_IY2_1 SAEDLVT14_LVLDBUFE0_IY2_10 SAEDLVT14_LVLDBUFE0_IY2_12 SAEDLVT14_LVLDBUFE0_IY2_2 SAEDLVT14_LVLDBUFE0_IY2_3 SAEDLVT14_LVLDBUFE0_IY2_4 SAEDLVT14_LVLDBUFE0_IY2_6 SAEDLVT14_LVLDBUFE1_IY2V1_1 SAEDLVT14_LVLDBUFE1_IY2V1_10 SAEDLVT14_LVLDBUFE1_IY2V1_12 SAEDLVT14_LVLDBUFE1_IY2V1_2 SAEDLVT14_LVLDBUFE1_IY2V1_3 SAEDLVT14_LVLDBUFE1_IY2V1_4 SAEDLVT14_LVLDBUFE1_IY2V1_6 SAEDLVT14_LVLDBUFE1_IY2V1_8 SAEDLVT14_LVLDBUFE1_IY2_1 SAEDLVT14_LVLDBUFE1_IY2_10 SAEDLVT14_LVLDBUFE1_IY2_12 SAEDLVT14_LVLDBUFE1_IY2_2 SAEDLVT14_LVLDBUFE1_IY2_4 SAEDLVT14_LVLDBUFE1_IY2_6 SAEDLVT14_LVLDBUFE1_IY2_8 SAEDLVT14_LVLDBUF_IY2V1_1 SAEDLVT14_LVLDBUF_IY2V1_10 SAEDLVT14_LVLDBUF_IY2V1_12 SAEDLVT14_LVLDBUF_IY2V1_2 SAEDLVT14_LVLDBUF_IY2V1_3 SAEDLVT14_LVLDBUF_IY2V1_4 SAEDLVT14_LVLDBUF_IY2V1_6 SAEDLVT14_LVLDBUF_IY2V1_8 SAEDLVT14_LVLUBUF4E0_IY2_2 SAEDLVT14_LVLUBUF4E0_IY2_4 SAEDLVT14_LVLUBUF4E0_IY2_8 SAEDLVT14_LVLUBUFE0_IY2V1_1 SAEDLVT14_LVLUBUFE0_IY2V1_10 SAEDLVT14_LVLUBUFE0_IY2V1_12 SAEDLVT14_LVLUBUFE0_IY2V1_2 SAEDLVT14_LVLUBUFE0_IY2V1_3 SAEDLVT14_LVLUBUFE0_IY2V1_4 SAEDLVT14_LVLUBUFE0_IY2V1_6 SAEDLVT14_LVLUBUFE0_IY2V1_8 SAEDLVT14_LVLUBUFE0_IY2_1 SAEDLVT14_LVLUBUFE0_IY2_10 SAEDLVT14_LVLUBUFE0_IY2_12 SAEDLVT14_LVLUBUFE0_IY2_2 SAEDLVT14_LVLUBUFE0_IY2_3 SAEDLVT14_LVLUBUFE0_IY2_4 SAEDLVT14_LVLUBUFE0_IY2_6 SAEDLVT14_LVLUBUFE0_IY2_8 SAEDLVT14_LVLUBUFE1_IY2V1_1 SAEDLVT14_LVLUBUFE1_IY2V1_10 SAEDLVT14_LVLUBUFE1_IY2V1_12 SAEDLVT14_LVLUBUFE1_IY2V1_2 SAEDLVT14_LVLUBUFE1_IY2V1_3 SAEDLVT14_LVLUBUFE1_IY2V1_4 SAEDLVT14_LVLUBUFE1_IY2V1_6 SAEDLVT14_LVLUBUFE1_IY2V1_8 SAEDLVT14_LVLUBUFE1_IY2_1 SAEDLVT14_LVLUBUFE1_IY2_10 SAEDLVT14_LVLUBUFE1_IY2_12 SAEDLVT14_LVLUBUFE1_IY2_2 SAEDLVT14_LVLUBUFE1_IY2_3 SAEDLVT14_LVLUBUFE1_IY2_4 SAEDLVT14_LVLUBUFE1_IY2_6 SAEDLVT14_LVLUBUFE1_IY2_8 SAEDLVT14_LVLUBUF_IY2V1_1 SAEDLVT14_LVLUBUF_IY2V1_10 SAEDLVT14_LVLUBUF_IY2V1_12 SAEDLVT14_LVLUBUF_IY2V1_2 SAEDLVT14_LVLUBUF_IY2V1_3 SAEDLVT14_LVLUBUF_IY2V1_4 SAEDLVT14_LVLUBUF_IY2V1_6 SAEDLVT14_LVLUBUF_IY2V1_8 SAEDLVT14_LVLUBUF_IY2_1 SAEDLVT14_LVLUBUF_IY2_10 SAEDLVT14_LVLUBUF_IY2_12 SAEDLVT14_LVLUBUF_IY2_2 SAEDLVT14_LVLUBUF_IY2_3 SAEDLVT14_LVLUBUF_IY2_4 SAEDLVT14_LVLUBUF_IY2_6 SAEDLVT14_LVLUBUF_IY2_8 SAEDLVT14_PGATDRV_V1_8}
#suppress_messages
set_app_options -name lib.workspace.allow_read_aggregate_lib -value true
lib.workspace.allow_read_aggregate_lib true
create_workspace saed14lvt_c_physical_only -flow physical_only -scale_factor 10000
... created workspace saed14lvt_c_physical_only in physical_only flow
foreach frame $FRAME_LIBS {
  read_ndm $frame
}
Information: Loading library file '/home1/14_nmts/14_nmts/stdcell_lvt/ndm/saed14lvt_frame_only.ndm' (FILE-007)
... including SAEDLVT14_AOLVLUBUFE0_IY2V1_1/frame
... including SAEDLVT14_AOLVLUBUFE0_IY2V1_10/frame
... including SAEDLVT14_AOLVLUBUFE0_IY2V1_12/frame
... including SAEDLVT14_AOLVLUBUFE0_IY2V1_2/frame
... including SAEDLVT14_AOLVLUBUFE0_IY2V1_3/frame
... including SAEDLVT14_AOLVLUBUFE0_IY2V1_4/frame
... including SAEDLVT14_AOLVLUBUFE0_IY2V1_6/frame
... including SAEDLVT14_AOLVLUBUFE0_IY2V1_8/frame
... including SAEDLVT14_AOLVLUBUFE1_IY2V1_1/frame
... including SAEDLVT14_AOLVLUBUFE1_IY2V1_10/frame
... including SAEDLVT14_AOLVLUBUFE1_IY2V1_12/frame
... including SAEDLVT14_AOLVLUBUFE1_IY2V1_2/frame
... including SAEDLVT14_AOLVLUBUFE1_IY2V1_3/frame
... including SAEDLVT14_AOLVLUBUFE1_IY2V1_4/frame
... including SAEDLVT14_AOLVLUBUFE1_IY2V1_6/frame
... including SAEDLVT14_AOLVLUBUFE1_IY2V1_8/frame
... including SAEDLVT14_AOLVLUBUF_IY2V1_1/frame
... including SAEDLVT14_AOLVLUBUF_IY2V1_10/frame
... including SAEDLVT14_AOLVLUBUF_IY2V1_12/frame
... including SAEDLVT14_AOLVLUBUF_IY2V1_2/frame
... including SAEDLVT14_AOLVLUBUF_IY2V1_3/frame
... including SAEDLVT14_AOLVLUBUF_IY2V1_4/frame
... including SAEDLVT14_AOLVLUBUF_IY2V1_6/frame
... including SAEDLVT14_AOLVLUBUF_IY2V1_8/frame
... including SAEDLVT14_ELVLDNOR_V2_1/frame
... including SAEDLVT14_ELVLDNOR_V2_10/frame
... including SAEDLVT14_ELVLDNOR_V2_12/frame
... including SAEDLVT14_ELVLDNOR_V2_2/frame
... including SAEDLVT14_ELVLDNOR_V2_3/frame
... including SAEDLVT14_ELVLDNOR_V2_4/frame
... including SAEDLVT14_ELVLDNOR_V2_6/frame
... including SAEDLVT14_ELVLDNOR_V2_8/frame
... including SAEDLVT14_ELVLUNOR_V2_1/frame
... including SAEDLVT14_ELVLUNOR_V2_10/frame
... including SAEDLVT14_ELVLUNOR_V2_12/frame
... including SAEDLVT14_ELVLUNOR_V2_2/frame
... including SAEDLVT14_ELVLUNOR_V2_3/frame
... including SAEDLVT14_ELVLUNOR_V2_4/frame
... including SAEDLVT14_ELVLUNOR_V2_6/frame
... including SAEDLVT14_ELVLUNOR_V2_8/frame
... including SAEDLVT14_FSDN_V2_0P5/frame
... including SAEDLVT14_LVLDBUFE0_IY2V1_1/frame
... including SAEDLVT14_LVLDBUFE0_IY2V1_10/frame
... including SAEDLVT14_LVLDBUFE0_IY2V1_12/frame
... including SAEDLVT14_LVLDBUFE0_IY2V1_2/frame
... including SAEDLVT14_LVLDBUFE0_IY2V1_3/frame
... including SAEDLVT14_LVLDBUFE0_IY2V1_4/frame
... including SAEDLVT14_LVLDBUFE0_IY2V1_6/frame
... including SAEDLVT14_LVLDBUFE0_IY2V1_8/frame
... including SAEDLVT14_LVLDBUFE0_IY2_1/frame
... including SAEDLVT14_LVLDBUFE0_IY2_10/frame
... including SAEDLVT14_LVLDBUFE0_IY2_12/frame
... including SAEDLVT14_LVLDBUFE0_IY2_2/frame
... including SAEDLVT14_LVLDBUFE0_IY2_3/frame
... including SAEDLVT14_LVLDBUFE0_IY2_4/frame
... including SAEDLVT14_LVLDBUFE0_IY2_6/frame
... including SAEDLVT14_LVLDBUFE1_IY2V1_1/frame
... including SAEDLVT14_LVLDBUFE1_IY2V1_10/frame
... including SAEDLVT14_LVLDBUFE1_IY2V1_12/frame
... including SAEDLVT14_LVLDBUFE1_IY2V1_2/frame
... including SAEDLVT14_LVLDBUFE1_IY2V1_3/frame
... including SAEDLVT14_LVLDBUFE1_IY2V1_4/frame
... including SAEDLVT14_LVLDBUFE1_IY2V1_6/frame
... including SAEDLVT14_LVLDBUFE1_IY2V1_8/frame
... including SAEDLVT14_LVLDBUFE1_IY2_1/frame
... including SAEDLVT14_LVLDBUFE1_IY2_10/frame
... including SAEDLVT14_LVLDBUFE1_IY2_12/frame
... including SAEDLVT14_LVLDBUFE1_IY2_2/frame
... including SAEDLVT14_LVLDBUFE1_IY2_4/frame
... including SAEDLVT14_LVLDBUFE1_IY2_6/frame
... including SAEDLVT14_LVLDBUFE1_IY2_8/frame
... including SAEDLVT14_LVLDBUF_IY2V1_1/frame
... including SAEDLVT14_LVLDBUF_IY2V1_10/frame
... including SAEDLVT14_LVLDBUF_IY2V1_12/frame
... including SAEDLVT14_LVLDBUF_IY2V1_2/frame
... including SAEDLVT14_LVLDBUF_IY2V1_3/frame
... including SAEDLVT14_LVLDBUF_IY2V1_4/frame
... including SAEDLVT14_LVLDBUF_IY2V1_6/frame
... including SAEDLVT14_LVLDBUF_IY2V1_8/frame
... including SAEDLVT14_LVLUBUF4E0_IY2_2/frame
... including SAEDLVT14_LVLUBUF4E0_IY2_4/frame
... including SAEDLVT14_LVLUBUF4E0_IY2_8/frame
... including SAEDLVT14_LVLUBUFE0_IY2V1_1/frame
... including SAEDLVT14_LVLUBUFE0_IY2V1_10/frame
... including SAEDLVT14_LVLUBUFE0_IY2V1_12/frame
... including SAEDLVT14_LVLUBUFE0_IY2V1_2/frame
... including SAEDLVT14_LVLUBUFE0_IY2V1_3/frame
... including SAEDLVT14_LVLUBUFE0_IY2V1_4/frame
... including SAEDLVT14_LVLUBUFE0_IY2V1_6/frame
... including SAEDLVT14_LVLUBUFE0_IY2V1_8/frame
... including SAEDLVT14_LVLUBUFE0_IY2_1/frame
... including SAEDLVT14_LVLUBUFE0_IY2_10/frame
... including SAEDLVT14_LVLUBUFE0_IY2_12/frame
... including SAEDLVT14_LVLUBUFE0_IY2_2/frame
... including SAEDLVT14_LVLUBUFE0_IY2_3/frame
... including SAEDLVT14_LVLUBUFE0_IY2_4/frame
... including SAEDLVT14_LVLUBUFE0_IY2_6/frame
... including SAEDLVT14_LVLUBUFE0_IY2_8/frame
... including SAEDLVT14_LVLUBUFE1_IY2V1_1/frame
... including SAEDLVT14_LVLUBUFE1_IY2V1_10/frame
... including SAEDLVT14_LVLUBUFE1_IY2V1_12/frame
... including SAEDLVT14_LVLUBUFE1_IY2V1_2/frame
... including SAEDLVT14_LVLUBUFE1_IY2V1_3/frame
... including SAEDLVT14_LVLUBUFE1_IY2V1_4/frame
... including SAEDLVT14_LVLUBUFE1_IY2V1_6/frame
... including SAEDLVT14_LVLUBUFE1_IY2V1_8/frame
... including SAEDLVT14_LVLUBUFE1_IY2_1/frame
... including SAEDLVT14_LVLUBUFE1_IY2_10/frame
... including SAEDLVT14_LVLUBUFE1_IY2_12/frame
... including SAEDLVT14_LVLUBUFE1_IY2_2/frame
... including SAEDLVT14_LVLUBUFE1_IY2_3/frame
... including SAEDLVT14_LVLUBUFE1_IY2_4/frame
... including SAEDLVT14_LVLUBUFE1_IY2_6/frame
... including SAEDLVT14_LVLUBUFE1_IY2_8/frame
... including SAEDLVT14_LVLUBUF_IY2V1_1/frame
... including SAEDLVT14_LVLUBUF_IY2V1_10/frame
... including SAEDLVT14_LVLUBUF_IY2V1_12/frame
... including SAEDLVT14_LVLUBUF_IY2V1_2/frame
... including SAEDLVT14_LVLUBUF_IY2V1_3/frame
... including SAEDLVT14_LVLUBUF_IY2V1_4/frame
... including SAEDLVT14_LVLUBUF_IY2V1_6/frame
... including SAEDLVT14_LVLUBUF_IY2V1_8/frame
... including SAEDLVT14_LVLUBUF_IY2_1/frame
... including SAEDLVT14_LVLUBUF_IY2_10/frame
... including SAEDLVT14_LVLUBUF_IY2_12/frame
... including SAEDLVT14_LVLUBUF_IY2_2/frame
... including SAEDLVT14_LVLUBUF_IY2_3/frame
... including SAEDLVT14_LVLUBUF_IY2_4/frame
... including SAEDLVT14_LVLUBUF_IY2_6/frame
... including SAEDLVT14_LVLUBUF_IY2_8/frame
... including SAEDLVT14_PGATDRV_V1_8/frame
process_workspaces -check_options {-allow_missing} -force -directory CLIBs -output saed14lvt_c_physical_only.ndm
Warning: Cannot specify the -allow_missing option in the physical_only flow. It is ignored.  (LMUI-009)
Checking libraries...
Building a physical-only workspace...
... looking for physical-only designs ...
Information: Copied 131 physical designs (LM-050)

Workspace check succeeded!
... wrote CLIBs/saed14lvt_c_physical_only.ndm
... removing library 'saed14lvt_frame_only'
... lib workspace removed!

Warning: EMS database "check_workspace.ems" already exists, over-writing it. (EMS-040)
Maximum memory usage for this session: 107.88 MB
CPU usage for this session:      1 seconds (  0.00 hours)
Elapsed time for this session:      1 seconds (  0.00 hours)
Thank you for using Library Manager.

